{
  "profile": {
    "name": "File C",
    "description": "Default Profile. Checks basic syntax.",
    "includes": [
      "loader_test_include_a.yaml",
      "loader_test_include_b.yaml"
    ]
  },
  "general": {
    "ref_url_base": "https://docs.docker.com/reference/builder/",
    "valid_instructions": [
      "FROM",
      "MAINTAINER",
      "RUN",
      "CMD",
      "LABEL",
      "EXPOSE",
      "ENV",
      "ADD",
      "COPY",
      "ENTRYPOINT",
      "VOLUME",
      "USER",
      "WORKDIR",
      "ONBUILD",
      "ARG",
      "STOPSIGNAL",
      "HEALTHCHECK",
      "SHELL"
    ],
    "ignore_regex": "/^#/",
    "multiline_regex": "/\\\\$/"
  },
  "line_rules": {
    "ARG": {
      "paramSyntaxRegex": "/.+/",
      "rules": []
    },
    "FROM": {
      "paramSyntaxRegex": "/fileb/",
      "rules": [
        {
          "label": "From Profile B",
          "regex": "/latest/",
          "level": "info",
          "message": "From profile B",
          "description": "using the 'latest' tag may cause unpredictable builds. It is recommended that a specific tag is used in the FROM line.",
          "reference_url": [
            "https://docs.docker.com/reference/builder/",
            "#from"
          ]
        },
        {
          "label": "no_tag",
          "regex": "/^[:]/",
          "level": "warn",
          "message": "From Profile B",
          "description": "lorem ipsum tar",
          "reference_url": [
            "https://docs.docker.com/reference/builder/",
            "#from"
          ]
        },
        {
          "label": "is_latest_tag",
          "regex": "/latest/",
          "level": "info",
          "message": "From profile B",
          "description": "using the 'latest' tag may cause unpredictable builds. It is recommended that a specific tag is used in the FROM line.",
          "reference_url": [
            "https://docs.docker.com/reference/builder/",
            "#from"
          ]
        }
      ]
    },
    "HEALTHCHECK": {
      "paramSyntaxRegex": "/.+/",
      "rules": []
    },
    "MAINTAINER": {
      "paramSyntaxRegex": "/.+/",
      "rules": []
    },
    "RUN": {
      "paramSyntaxRegex": "/file_a/",
      "rules": [
        {
          "label": "From A",
          "regex": "/yum ((?!clean all).)* .+/",
          "level": "warn",
          "message": "From A",
          "description": "the yum cache will remain in this layer making the layer unnecessarily large",
          "reference_url": "None"
        },
        {
          "label": "From A",
          "regex": "/ssh/",
          "level": "warn",
          "message": "installing SSH in a container is not recommended",
          "description": "Do you really need SSH in this image?",
          "reference_url": "https://github.com/jpetazzo/nsenter"
        }
      ]
    },
    "SHELL": {
      "paramSyntaxRegex": "/.+/",
      "rules": []
    },
    "CMD": {
      "paramSyntaxRegex": "/.+/",
      "rules": []
    },
    "LABEL": {
      "paramSyntaxRegex": "/.+/",
      "rules": []
    },
    "EXPOSE": {
      "paramSyntaxRegex": "/.+/",
      "rules": []
    },
    "ENV": {
      "paramSyntaxRegex": "/.+/",
      "rules": []
    },
    "ADD": {
      "paramSyntaxRegex": "/.+/"
    },
    "COPY": {
      "paramSyntaxRegex": "/.+/",
      "rules": []
    },
    "ENTRYPOINT": {
      "paramSyntaxRegex": "/.+/",
      "rules": []
    },
    "VOLUME": {
      "paramSyntaxRegex": "/.+/",
      "rules": []
    },
    "USER": {
      "paramSyntaxRegex": "/.+/",
      "rules": []
    },
    "WORKDIR": {
      "paramSyntaxRegex": "/.+/",
      "rules": []
    },
    "ONBUILD": {
      "paramSyntaxRegex": "/.+/",
      "rules": []
    }
  },
  "required_instructions": {
    "MAINTAINER": {
      "instruction": "MAINTAINER",
      "count": 1,
      "level": "info",
      "message": "From file A",
      "description": "From profile A",
      "reference_url": [
        "https://docs.docker.com/reference/builder/",
        "#maintainer"
      ]
    },
    "EXPOSE": {
      "instruction": "EXPOSE",
      "count": 1,
      "level": "info",
      "message": "From C",
      "description": "From C",
      "reference_url": [
        "https://docs.docker.com/reference/builder/",
        "#expose"
      ]
    }
  },
  "discouraged_instructions": [],
  "mutually_exclusive_instructions": []
}
